[04:21:23] Starting 4 FitCache++ servers on c70 (jobid=221612, cross_job=1)
  [04:21:23]   Server proc=0 port=5555 pid=2343163
  [04:21:23]   Server proc=1 port=5556 pid=2343165
  [04:21:23]   Server proc=2 port=5557 pid=2343167
  [04:21:23]   Server proc=3 port=5558 pid=2343169
[04:21:28] horovodrun -np 1 -H c70:1
2026-05-11 04:21:29.654583: I tensorflow/core/util/port.cc:111] oneDNN custom operations are on. You may see slightly different numerical results due to floating-point round-off errors from different computation orders. To turn them off, set the environment variable `TF_ENABLE_ONEDNN_OPTS=0`.
2026-05-11 04:21:30.146180: E tensorflow/compiler/xla/stream_executor/cuda/cuda_dnn.cc:9342] Unable to register cuDNN factory: Attempting to register factory for plugin cuDNN when one has already been registered
2026-05-11 04:21:30.146231: E tensorflow/compiler/xla/stream_executor/cuda/cuda_fft.cc:609] Unable to register cuFFT factory: Attempting to register factory for plugin cuFFT when one has already been registered
2026-05-11 04:21:30.146242: E tensorflow/compiler/xla/stream_executor/cuda/cuda_blas.cc:1518] Unable to register cuBLAS factory: Attempting to register factory for plugin cuBLAS when one has already been registered
2026-05-11 04:21:30.383109: I tensorflow/core/platform/cpu_feature_guard.cc:182] This TensorFlow binary is optimized to use available CPU instructions in performance-critical operations.
To enable the following instructions: SSE4.1 SSE4.2 AVX AVX2 AVX512F AVX512_VNNI AVX512_BF16 FMA, in other operations, rebuild TensorFlow with the appropriate compiler flags.
[0] + cd /home/ghu4/hvac/benchmark/cosmoflow-benchmark-master/
[0] + LD_PRELOAD=/home/ghu4/hvac/FitCachePP/build/src/libfitcache_client.so
[0] + /home/ghu4/hvac/rlibrary/miniconda3/envs/hvac_tf/bin/python3 /home/ghu4/hvac/benchmark/cosmoflow-benchmark-master/train.py -d
[0] 2026-05-11 04:21:36.877418: I tensorflow/core/util/port.cc:111] oneDNN custom operations are on. You may see slightly different numerical results due to floating-point round-off errors from different computation orders. To turn them off, set the environment variable `TF_ENABLE_ONEDNN_OPTS=0`.
[0] 2026-05-11 04:21:36.909850: E tensorflow/compiler/xla/stream_executor/cuda/cuda_dnn.cc:9342] Unable to register cuDNN factory: Attempting to register factory for plugin cuDNN when one has already been registered
[0] 2026-05-11 04:21:36.909885: E tensorflow/compiler/xla/stream_executor/cuda/cuda_fft.cc:609] Unable to register cuFFT factory: Attempting to register factory for plugin cuFFT when one has already been registered
[0] 2026-05-11 04:21:36.909894: E tensorflow/compiler/xla/stream_executor/cuda/cuda_blas.cc:1518] Unable to register cuBLAS factory: Attempting to register factory for plugin cuBLAS when one has already been registered
[0] 2026-05-11 04:21:36.915306: I tensorflow/core/platform/cpu_feature_guard.cc:182] This TensorFlow binary is optimized to use available CPU instructions in performance-critical operations.
[0] To enable the following instructions: SSE4.1 SSE4.2 AVX AVX2 AVX512F AVX512_VNNI AVX512_BF16 FMA, in other operations, rebuild TensorFlow with the appropriate compiler flags.
[0] 2026-05-11 04:21:43,568 INFO Initialized rank 0 size 1 local_rank 0 local_size 1
[0] 2026-05-11 04:21:43,569 INFO Configuration: {'output_dir': 'results/cosmo-002', 'mlperf': {'org': 'LBNL', 'division': 'closed', 'status': 'onprem', 'platform': 'SUBMISSION_PLATFORM_PLACEHOLDER'}, 'data': {'name': 'cosmo', 'data_dir': '/mnt/beegfs/ghu4/hvac/cosmoUniverse_2019_05_4parE_tf_v2_mini/train_1024', 'compression': 'GZIP', 'n_train': 1024, 'n_valid': 1024, 'sample_shape': [128, 128, 128, 4], 'batch_size': 2, 'n_epochs': 5, 'shard': True, 'apply_log': True}, 'model': {'name': 'cosmoflow', 'input_shape': [128, 128, 128, 4], 'kernel_size': 3, 'target_size': 4, 'conv_size': 32, 'fc1_size': 128, 'fc2_size': 64, 'hidden_activation': 'LeakyReLU', 'pooling_type': 'MaxPool3D', 'dropout': 0.5}, 'optimizer': {'name': 'SGD', 'momentum': 0.9}, 'lr_schedule': {'base_lr': 0.001, 'scaling': 'linear', 'base_batch_size': 64, 'n_warmup_epochs': 4, 'decay_schedule': {32: 0.25, 64: 0.125}}, 'train': {'loss': 'mse', 'metrics': ['mean_absolute_error']}}
[0] 2026-05-11 04:21:43,569 INFO KMP_BLOCKTIME 
[0] 2026-05-11 04:21:43,569 INFO KMP_AFFINITY 
[0] 2026-05-11 04:21:43,569 INFO OMP_NUM_THREADS 
[0] 2026-05-11 04:21:43,569 INFO INTRA_THREADS 32
[0] 2026-05-11 04:21:43,569 INFO INTER_THREADS 2
[0] 2026-05-11 04:21:43,569 INFO Loading data
[0] 2026-05-11 04:21:43.714175: I tensorflow/core/common_runtime/gpu/gpu_device.cc:1886] Created device /job:localhost/replica:0/task:0/device:GPU:0 with 14282 MB memory:  -> device: 0, name: NVIDIA GeForce RTX 4060 Ti, pci bus id: 0000:c1:00.0, compute capability: 8.9
[0] 2026-05-11 04:21:47,047 INFO Splitting data into 1 worker shards
[0] 2026-05-11 04:21:47,047 INFO Each worker reading 1024 training samples and 1024 validation samples
[0] 2026-05-11 04:21:47,047 INFO Data setting n_train: 1024
[0] 2026-05-11 04:21:47,047 INFO Data setting n_valid: 1024
[0] 2026-05-11 04:21:47,047 INFO Data setting batch_size: 2
[0] 2026-05-11 04:21:47,047 INFO Data setting compression: GZIP
[0] 2026-05-11 04:21:47,047 INFO Building the model
[0] train.py has started
[0] Initializing Horovod
[0] parse_data: functools.partial(<function _parse_data at 0x7f747e7fd9d0>, shape=[128, 128, 128, 4], apply_log=True)
[0] data after parse: <_ParallelMapDataset element_spec=(TensorSpec(shape=(128, 128, 128, 4), dtype=tf.float32, name=None), TensorSpec(shape=(4,), dtype=tf.float32, name=None))>
[0] parse_data: functools.partial(<function _parse_data at 0x7f747e7fd9d0>, shape=[128, 128, 128, 4], apply_log=True)
[0] data after parse: <_ParallelMapDataset element_spec=(TensorSpec(shape=(128, 128, 128, 4), dtype=tf.float32, name=None), TensorSpec(shape=(4,), dtype=tf.float32, name=None))>
[0] Model: "sequential"
[0] _________________________________________________________________
[0]  Layer (type)                Output Shape              Param #   
[0] =================================================================
[0]  conv3d (Conv3D)             (None, 128, 128, 128, 3   3488      
[0]                              2)                                  
[0]                                                                  
[0]  leaky_re_lu (LeakyReLU)     (None, 128, 128, 128, 3   0         
[0]                              2)                                  
[0]                                                                  
[0]  max_pooling3d (MaxPooling3  (None, 64, 64, 64, 32)    0         
[0]  D)                                                              
[0]                                                                  
[0]  conv3d_1 (Conv3D)           (None, 64, 64, 64, 64)    55360     
[0]                                                                  
[0]  leaky_re_lu_1 (LeakyReLU)   (None, 64, 64, 64, 64)    0         
[0]                                                                  
[0]  max_pooling3d_1 (MaxPoolin  (None, 32, 32, 32, 64)    0         
[0]  g3D)                                                            
[0]                                                                  
[0]  conv3d_2 (Conv3D)           (None, 32, 32, 32, 128)   221312    
[0]                                                                  
[0]  leaky_re_lu_2 (LeakyReLU)   (None, 32, 32, 32, 128)   0         
[0]                                                                  
[0]  max_pooling3d_2 (MaxPoolin  (None, 16, 16, 16, 128)   0         
[0]  g3D)                                                            
[0]                                                                  
[0]  conv3d_3 (Conv3D)           (None, 16, 16, 16, 256)   884992    
[0]                                                                  
[0]  leaky_re_lu_3 (LeakyReLU)   (None, 16, 16, 16, 256)   0         
[0]                                                                  
[0]  max_pooling3d_3 (MaxPoolin  (None, 8, 8, 8, 256)      0         
[0]  g3D)                                                            
[0]                                                                  
[0]  conv3d_4 (Conv3D)           (None, 8, 8, 8, 512)      3539456   
[0]                                                                  
[0]  leaky_re_lu_4 (LeakyReLU)   (None, 8, 8, 8, 512)      0         
[0]                                                                  
[0]  max_pooling3d_4 (MaxPoolin  (None, 4, 4, 4, 512)      0         
[0]  g3D)                                                            
[0]                                                                  
[0]  flatten (Flatten)           (None, 32768)             0         
[0]                                                                  
[0]  dense (Dense)               (None, 128)               4194432   
[0]                                                                  
[0]  leaky_re_lu_5 (LeakyReLU)   (None, 128)               0         
[0]                                                                  
[0]  dropout (Dropout)           (None, 128)               0         
[0]                                                                  
[0]  dense_1 (Dense)             (None, 64)                8256      
[0]                                                                  
[0]  leaky_re_lu_6 (LeakyReLU)   (None, 64)                0         
[0]                                                                  
[0]  dropout_1 (Dropout)         (None, 64)                0         
[0]                                                                  
[0]  dense_2 (Dense)             (None, 4)                 260       
[0]                                                                  
[0]  lambda (Lambda)             (None, 4)                 0         
[0]                                                                  
[0] =================================================================
[0] Total params: 8907556 (33.98 MB)
[0] Trainable params: 8907556 (33.98 MB)
[0] Non-trainable params: 0 (0.00 Byte)
[0] _________________________________________________________________
[0] 2026-05-11 04:21:47,213 INFO Writing config via pickle to results/cosmo-002/config.pkl
[0] 2026-05-11 04:21:47,311 INFO Preparing callbacks
[0] 2026-05-11 04:21:47,312 INFO Beginning training
[0] Epoch 1/5
[0] 2026-05-11 04:21:49.513257: I tensorflow/compiler/xla/stream_executor/cuda/cuda_dnn.cc:442] Loaded cuDNN version 8907
[0] 2026-05-11 04:21:52.639164: I tensorflow/compiler/xla/service/service.cc:168] XLA service 0x7f71483ca0d0 initialized for platform CUDA (this does not guarantee that XLA will be used). Devices:
[0] 2026-05-11 04:21:52.639202: I tensorflow/compiler/xla/service/service.cc:176]   StreamExecutor device (0): NVIDIA GeForce RTX 4060 Ti, Compute Capability 8.9
[0] 2026-05-11 04:21:53.008084: I ./tensorflow/compiler/jit/device_compiler.h:186] Compiled cluster using XLA!  This line is logged at most once for the lifetime of the process.
slurmstepd-c70: error: *** JOB 221612 ON c70 CANCELLED AT 2026-05-11T04:24:40 ***
slurmstepd-c70: error: *** STEP 221612.0 ON c70 CANCELLED AT 2026-05-11T04:24:40 ***
