Starting FitCache++ servers...
Starting 4 servers on c66
  Server ID=0  c66:5555
  Server ID=1  c66:5556
  Server ID=2  c66:5557
  Server ID=3  c66:5558
Launching Horovod training on 1 GPUs (hostlist: c66:1)
2026-05-11 04:01:30.800333: I tensorflow/core/util/port.cc:111] oneDNN custom operations are on. You may see slightly different numerical results due to floating-point round-off errors from different computation orders. To turn them off, set the environment variable `TF_ENABLE_ONEDNN_OPTS=0`.
2026-05-11 04:01:31.404013: E tensorflow/compiler/xla/stream_executor/cuda/cuda_dnn.cc:9342] Unable to register cuDNN factory: Attempting to register factory for plugin cuDNN when one has already been registered
2026-05-11 04:01:31.404064: E tensorflow/compiler/xla/stream_executor/cuda/cuda_fft.cc:609] Unable to register cuFFT factory: Attempting to register factory for plugin cuFFT when one has already been registered
2026-05-11 04:01:31.404076: E tensorflow/compiler/xla/stream_executor/cuda/cuda_blas.cc:1518] Unable to register cuBLAS factory: Attempting to register factory for plugin cuBLAS when one has already been registered
2026-05-11 04:01:31.636398: I tensorflow/core/platform/cpu_feature_guard.cc:182] This TensorFlow binary is optimized to use available CPU instructions in performance-critical operations.
To enable the following instructions: SSE4.1 SSE4.2 AVX AVX2 AVX512F AVX512_VNNI AVX512_BF16 FMA, in other operations, rebuild TensorFlow with the appropriate compiler flags.
[0] + cd /home/ghu4/hvac/benchmark/cosmoflow-benchmark-master/
[0] + LD_PRELOAD=/home/ghu4/hvac/FitCachePP/build/src/libfitcache_client.so
[0] + /home/ghu4/hvac/rlibrary/miniconda3/envs/hvac_tf/bin/python3 /home/ghu4/hvac/benchmark/cosmoflow-benchmark-master/train.py -d
[0] 2026-05-11 04:01:37.570940: I tensorflow/core/util/port.cc:111] oneDNN custom operations are on. You may see slightly different numerical results due to floating-point round-off errors from different computation orders. To turn them off, set the environment variable `TF_ENABLE_ONEDNN_OPTS=0`.
[0] 2026-05-11 04:01:37.603965: E tensorflow/compiler/xla/stream_executor/cuda/cuda_dnn.cc:9342] Unable to register cuDNN factory: Attempting to register factory for plugin cuDNN when one has already been registered
[0] 2026-05-11 04:01:37.603999: E tensorflow/compiler/xla/stream_executor/cuda/cuda_fft.cc:609] Unable to register cuFFT factory: Attempting to register factory for plugin cuFFT when one has already been registered
[0] 2026-05-11 04:01:37.604008: E tensorflow/compiler/xla/stream_executor/cuda/cuda_blas.cc:1518] Unable to register cuBLAS factory: Attempting to register factory for plugin cuBLAS when one has already been registered
[0] 2026-05-11 04:01:37.609381: I tensorflow/core/platform/cpu_feature_guard.cc:182] This TensorFlow binary is optimized to use available CPU instructions in performance-critical operations.
[0] To enable the following instructions: SSE4.1 SSE4.2 AVX AVX2 AVX512F AVX512_VNNI AVX512_BF16 FMA, in other operations, rebuild TensorFlow with the appropriate compiler flags.
[0] 2026-05-11 04:01:44,293 INFO Initialized rank 0 size 1 local_rank 0 local_size 1
[0] 2026-05-11 04:01:44,293 INFO Configuration: {'output_dir': 'results/cosmo-002', 'mlperf': {'org': 'LBNL', 'division': 'closed', 'status': 'onprem', 'platform': 'SUBMISSION_PLATFORM_PLACEHOLDER'}, 'data': {'name': 'cosmo', 'data_dir': '/mnt/beegfs/ghu4/hvac/cosmoUniverse_2019_05_4parE_tf_v2_mini/train_1024', 'compression': 'GZIP', 'n_train': 1024, 'n_valid': 1024, 'sample_shape': [128, 128, 128, 4], 'batch_size': 2, 'n_epochs': 5, 'shard': True, 'apply_log': True}, 'model': {'name': 'cosmoflow', 'input_shape': [128, 128, 128, 4], 'kernel_size': 3, 'target_size': 4, 'conv_size': 32, 'fc1_size': 128, 'fc2_size': 64, 'hidden_activation': 'LeakyReLU', 'pooling_type': 'MaxPool3D', 'dropout': 0.5}, 'optimizer': {'name': 'SGD', 'momentum': 0.9}, 'lr_schedule': {'base_lr': 0.001, 'scaling': 'linear', 'base_batch_size': 64, 'n_warmup_epochs': 4, 'decay_schedule': {32: 0.25, 64: 0.125}}, 'train': {'loss': 'mse', 'metrics': ['mean_absolute_error']}}
[0] 2026-05-11 04:01:44,294 INFO KMP_BLOCKTIME 
[0] 2026-05-11 04:01:44,294 INFO KMP_AFFINITY 
[0] 2026-05-11 04:01:44,294 INFO OMP_NUM_THREADS 
[0] 2026-05-11 04:01:44,294 INFO INTRA_THREADS 32
[0] 2026-05-11 04:01:44,294 INFO INTER_THREADS 2
[0] 2026-05-11 04:01:44,294 INFO Loading data
[0] 2026-05-11 04:01:44.437367: I tensorflow/core/common_runtime/gpu/gpu_device.cc:1886] Created device /job:localhost/replica:0/task:0/device:GPU:0 with 14285 MB memory:  -> device: 0, name: NVIDIA GeForce RTX 4060 Ti, pci bus id: 0000:c1:00.0, compute capability: 8.9
[0] 2026-05-11 04:01:46,768 INFO Splitting data into 1 worker shards
[0] 2026-05-11 04:01:46,768 INFO Each worker reading 1024 training samples and 1024 validation samples
[0] 2026-05-11 04:01:46,768 INFO Data setting n_train: 1024
[0] 2026-05-11 04:01:46,768 INFO Data setting n_valid: 1024
[0] 2026-05-11 04:01:46,768 INFO Data setting batch_size: 2
[0] 2026-05-11 04:01:46,768 INFO Data setting compression: GZIP
[0] 2026-05-11 04:01:46,768 INFO Building the model
[0] train.py has started
[0] Initializing Horovod
[0] parse_data: functools.partial(<function _parse_data at 0x7f1d95a73700>, shape=[128, 128, 128, 4], apply_log=True)
[0] data after parse: <_ParallelMapDataset element_spec=(TensorSpec(shape=(128, 128, 128, 4), dtype=tf.float32, name=None), TensorSpec(shape=(4,), dtype=tf.float32, name=None))>
[0] parse_data: functools.partial(<function _parse_data at 0x7f1d95a73700>, shape=[128, 128, 128, 4], apply_log=True)
[0] data after parse: <_ParallelMapDataset element_spec=(TensorSpec(shape=(128, 128, 128, 4), dtype=tf.float32, name=None), TensorSpec(shape=(4,), dtype=tf.float32, name=None))>
[0] Model: "sequential"
[0] _________________________________________________________________
[0]  Layer (type)                Output Shape              Param #   
[0] =================================================================
[0]  conv3d (Conv3D)             (None, 128, 128, 128, 3   3488      
[0]                              2)                                  
[0]                                                                  
[0]  leaky_re_lu (LeakyReLU)     (None, 128, 128, 128, 3   0         
[0]                              2)                                  
[0]                                                                  
[0]  max_pooling3d (MaxPooling3  (None, 64, 64, 64, 32)    0         
[0]  D)                                                              
[0]                                                                  
[0]  conv3d_1 (Conv3D)           (None, 64, 64, 64, 64)    55360     
[0]                                                                  
[0]  leaky_re_lu_1 (LeakyReLU)   (None, 64, 64, 64, 64)    0         
[0]                                                                  
[0]  max_pooling3d_1 (MaxPoolin  (None, 32, 32, 32, 64)    0         
[0]  g3D)                                                            
[0]                                                                  
[0]  conv3d_2 (Conv3D)           (None, 32, 32, 32, 128)   221312    
[0]                                                                  
[0]  leaky_re_lu_2 (LeakyReLU)   (None, 32, 32, 32, 128)   0         
[0]                                                                  
[0]  max_pooling3d_2 (MaxPoolin  (None, 16, 16, 16, 128)   0         
[0]  g3D)                                                            
[0]                                                                  
[0]  conv3d_3 (Conv3D)           (None, 16, 16, 16, 256)   884992    
[0]                                                                  
[0]  leaky_re_lu_3 (LeakyReLU)   (None, 16, 16, 16, 256)   0         
[0]                                                                  
[0]  max_pooling3d_3 (MaxPoolin  (None, 8, 8, 8, 256)      0         
[0]  g3D)                                                            
[0]                                                                  
[0]  conv3d_4 (Conv3D)           (None, 8, 8, 8, 512)      3539456   
[0]                                                                  
[0]  leaky_re_lu_4 (LeakyReLU)   (None, 8, 8, 8, 512)      0         
[0]                                                                  
[0]  max_pooling3d_4 (MaxPoolin  (None, 4, 4, 4, 512)      0         
[0]  g3D)                                                            
[0]                                                                  
[0]  flatten (Flatten)           (None, 32768)             0         
[0]                                                                  
[0]  dense (Dense)               (None, 128)               4194432   
[0]                                                                  
[0]  leaky_re_lu_5 (LeakyReLU)   (None, 128)               0         
[0]                                                                  
[0]  dropout (Dropout)           (None, 128)               0         
[0]                                                                  
[0]  dense_1 (Dense)             (None, 64)                8256      
[0]                                                                  
[0]  leaky_re_lu_6 (LeakyReLU)   (None, 64)                0         
[0]                                                                  
[0]  dropout_1 (Dropout)         (None, 64)                0         
[0]                                                                  
[0]  dense_2 (Dense)             (None, 4)                 260       
[0]                                                                  
[0]  lambda (Lambda)             (None, 4)                 0         
[0]                                                                  
[0] =================================================================
[0] Total params: 8907556 (33.98 MB)
[0] Trainable params: 8907556 (33.98 MB)
[0] Non-trainable params: 0 (0.00 Byte)
[0] _________________________________________________________________
[0] 2026-05-11 04:01:47,052 INFO Writing config via pickle to results/cosmo-002/config.pkl
[0] 2026-05-11 04:01:47,151 INFO Preparing callbacks
[0] 2026-05-11 04:01:47,151 INFO Beginning training
[0] Epoch 1/5
[0] 2026-05-11 04:01:50.293786: I tensorflow/compiler/xla/stream_executor/cuda/cuda_dnn.cc:442] Loaded cuDNN version 8907
[0] 2026-05-11 04:01:55.213481: I tensorflow/compiler/xla/service/service.cc:168] XLA service 0x7f1a55273560 initialized for platform CUDA (this does not guarantee that XLA will be used). Devices:
[0] 2026-05-11 04:01:55.213526: I tensorflow/compiler/xla/service/service.cc:176]   StreamExecutor device (0): NVIDIA GeForce RTX 4060 Ti, Compute Capability 8.9
[0] 2026-05-11 04:01:55.548621: I ./tensorflow/compiler/jit/device_compiler.h:186] Compiled cluster using XLA!  This line is logged at most once for the lifetime of the process.
[0] 512/512 - 362s - loss: 0.3079 - mean_absolute_error: 0.4689 - val_loss: 0.2502 - val_mean_absolute_error: 0.4191 - lr: 0.0010 - time: 360.8086 - 362s/epoch - 707ms/step
[0] Epoch 2/5
[0] 512/512 - 189s - loss: 0.2623 - mean_absolute_error: 0.4285 - val_loss: 0.2633 - val_mean_absolute_error: 0.4313 - lr: 7.5781e-04 - time: 187.7161 - 189s/epoch - 369ms/step
[0] Epoch 3/5
[0] 512/512 - 188s - loss: 0.2528 - mean_absolute_error: 0.4180 - val_loss: 0.2405 - val_mean_absolute_error: 0.4090 - lr: 5.1562e-04 - time: 186.6326 - 188s/epoch - 367ms/step
[0] Epoch 4/5
[0] 512/512 - 188s - loss: 0.2450 - mean_absolute_error: 0.4095 - val_loss: 0.2349 - val_mean_absolute_error: 0.4052 - lr: 2.7344e-04 - time: 186.4762 - 188s/epoch - 366ms/step
[0] Epoch 5/5
[0] 512/512 - 186s - loss: 0.2387 - mean_absolute_error: 0.4069 - val_loss: 0.2326 - val_mean_absolute_error: 0.4025 - lr: 3.1250e-05 - time: 184.7748 - 186s/epoch - 363ms/step
[0] 2026-05-11 04:20:19,125 INFO Best result:
[0] 2026-05-11 04:20:19,125 INFO   epoch: 4
[0] 2026-05-11 04:20:19,125 INFO   loss: 0.238696
[0] 2026-05-11 04:20:19,125 INFO   lr: 3.125e-05
[0] 2026-05-11 04:20:19,125 INFO   mean_absolute_error: 0.406853
[0] 2026-05-11 04:20:19,125 INFO   time: 184.775
[0] 2026-05-11 04:20:19,125 INFO   val_loss: 0.232568
[0] 2026-05-11 04:20:19,125 INFO   val_mean_absolute_error: 0.402473
[0] 2026-05-11 04:20:19,125 INFO Total epoch time: 1106.408
[0] 2026-05-11 04:20:19,126 INFO Mean epoch time: 221.282
[0] 2026-05-11 04:20:19,126 INFO All done!
[0] Elapsed time: 1122.2651 seconds
[0] ++ hostname
[0] DONE c66
[0] + echo DONE c66
Training finished; tearing down FitCache++ servers
DONE single-job FitCache++ baseline (job 221607)
